[0.008s] Invoking command in '/home/fushan/hik_camera_ws/build/hik_camera': CMAKE_PREFIX_PATH=${CMAKE_PREFIX_PATH}:/opt/ros/humble /usr/bin/cmake --build /home/fushan/hik_camera_ws/build/hik_camera -- -j14 -l14
[0.067s] [35m[1mConsolidate compiler generated dependencies of target hik_camera_node[0m
[0.083s] [ 50%] [32mBuilding CXX object CMakeFiles/hik_camera_node.dir/src/hik_camera_node.cpp.o[0m
[3.569s] [100%] [32m[1mLinking CXX executable hik_camera_node[0m
[3.753s] [100%] Built target hik_camera_node
[3.763s] Invoked command in '/home/fushan/hik_camera_ws/build/hik_camera' returned '0': CMAKE_PREFIX_PATH=${CMAKE_PREFIX_PATH}:/opt/ros/humble /usr/bin/cmake --build /home/fushan/hik_camera_ws/build/hik_camera -- -j14 -l14
[3.773s] Invoking command in '/home/fushan/hik_camera_ws/build/hik_camera': CMAKE_PREFIX_PATH=${CMAKE_PREFIX_PATH}:/opt/ros/humble /usr/bin/cmake --install /home/fushan/hik_camera_ws/build/hik_camera
[3.780s] -- Install configuration: ""
[3.782s] -- Installing: /home/fushan/hik_camera_ws/install/hik_camera/lib/hik_camera/hik_camera_node
[3.782s] -- Set runtime path of "/home/fushan/hik_camera_ws/install/hik_camera/lib/hik_camera/hik_camera_node" to "/opt/MVS/lib/64"
[3.782s] -- Up-to-date: /home/fushan/hik_camera_ws/install/hik_camera/share/ament_index/resource_index/package_run_dependencies/hik_camera
[3.782s] -- Up-to-date: /home/fushan/hik_camera_ws/install/hik_camera/share/ament_index/resource_index/parent_prefix_path/hik_camera
[3.782s] -- Up-to-date: /home/fushan/hik_camera_ws/install/hik_camera/share/hik_camera/environment/ament_prefix_path.sh
[3.782s] -- Up-to-date: /home/fushan/hik_camera_ws/install/hik_camera/share/hik_camera/environment/ament_prefix_path.dsv
[3.782s] -- Up-to-date: /home/fushan/hik_camera_ws/install/hik_camera/share/hik_camera/environment/path.sh
[3.782s] -- Up-to-date: /home/fushan/hik_camera_ws/install/hik_camera/share/hik_camera/environment/path.dsv
[3.782s] -- Up-to-date: /home/fushan/hik_camera_ws/install/hik_camera/share/hik_camera/local_setup.bash
[3.782s] -- Up-to-date: /home/fushan/hik_camera_ws/install/hik_camera/share/hik_camera/local_setup.sh
[3.782s] -- Up-to-date: /home/fushan/hik_camera_ws/install/hik_camera/share/hik_camera/local_setup.zsh
[3.782s] -- Up-to-date: /home/fushan/hik_camera_ws/install/hik_camera/share/hik_camera/local_setup.dsv
[3.782s] -- Installing: /home/fushan/hik_camera_ws/install/hik_camera/share/hik_camera/package.dsv
[3.782s] -- Up-to-date: /home/fushan/hik_camera_ws/install/hik_camera/share/ament_index/resource_index/packages/hik_camera
[3.782s] -- Up-to-date: /home/fushan/hik_camera_ws/install/hik_camera/share/hik_camera/cmake/hik_cameraConfig.cmake
[3.782s] -- Up-to-date: /home/fushan/hik_camera_ws/install/hik_camera/share/hik_camera/cmake/hik_cameraConfig-version.cmake
[3.783s] -- Up-to-date: /home/fushan/hik_camera_ws/install/hik_camera/share/hik_camera/package.xml
[3.783s] Invoked command in '/home/fushan/hik_camera_ws/build/hik_camera' returned '0': CMAKE_PREFIX_PATH=${CMAKE_PREFIX_PATH}:/opt/ros/humble /usr/bin/cmake --install /home/fushan/hik_camera_ws/build/hik_camera
