-- Found ament_cmake: 1.3.14 (/opt/ros/humble/share/ament_cmake/cmake)
-- Override CMake install command with custom implementation using symlinks instead of copying resources
-- Found rclcpp: 16.0.21 (/opt/ros/humble/share/rclcpp/cmake)
-- Found rosidl_generator_c: 3.1.9 (/opt/ros/humble/share/rosidl_generator_c/cmake)
-- Found rosidl_adapter: 3.1.9 (/opt/ros/humble/share/rosidl_adapter/cmake)
-- Found rosidl_generator_cpp: 3.1.9 (/opt/ros/humble/share/rosidl_generator_cpp/cmake)
-- Using all available rosidl_typesupport_c: rosidl_typesupport_fastrtps_c;rosidl_typesupport_introspection_c
-- Using all available rosidl_typesupport_cpp: rosidl_typesupport_fastrtps_cpp;rosidl_typesupport_introspection_cpp
-- Found rmw_implementation_cmake: 6.1.4 (/opt/ros/humble/share/rmw_implementation_cmake/cmake)
-- Found rmw_fastrtps_cpp: 6.2.10 (/opt/ros/humble/share/rmw_fastrtps_cpp/cmake)
-- Using RMW implementation 'rmw_fastrtps_cpp' as default
-- Found sensor_msgs: 4.9.2 (/opt/ros/humble/share/sensor_msgs/cmake)
-- Configuring done
-- Generating done
-- Build files have been written to: /home/fushan/hik_camera_ws/build/hik_camera
[35m[1mConsolidate compiler generated dependencies of target hik_camera_node[0m
[ 50%] [32mBuilding CXX object CMakeFiles/hik_camera_node.dir/src/hik_camera_node.cpp.o[0m
[100%] [32m[1mLinking CXX executable hik_camera_node[0m
[100%] Built target hik_camera_node
-- Install configuration: ""
-- Execute custom install script
-- Symlinking: /home/fushan/hik_camera_ws/install/hik_camera/lib/hik_camera/hik_camera_node
-- Symlinking: /home/fushan/hik_camera_ws/install/hik_camera/share/ament_index/resource_index/package_run_dependencies/hik_camera
-- Symlinking: /home/fushan/hik_camera_ws/install/hik_camera/share/ament_index/resource_index/parent_prefix_path/hik_camera
-- Symlinking: /home/fushan/hik_camera_ws/install/hik_camera/share/hik_camera/environment/ament_prefix_path.sh
-- Symlinking: /home/fushan/hik_camera_ws/install/hik_camera/share/hik_camera/environment/ament_prefix_path.dsv
-- Symlinking: /home/fushan/hik_camera_ws/install/hik_camera/share/hik_camera/environment/path.sh
-- Symlinking: /home/fushan/hik_camera_ws/install/hik_camera/share/hik_camera/environment/path.dsv
-- Symlinking: /home/fushan/hik_camera_ws/install/hik_camera/share/hik_camera/local_setup.bash
-- Symlinking: /home/fushan/hik_camera_ws/install/hik_camera/share/hik_camera/local_setup.sh
-- Symlinking: /home/fushan/hik_camera_ws/install/hik_camera/share/hik_camera/local_setup.zsh
-- Symlinking: /home/fushan/hik_camera_ws/install/hik_camera/share/hik_camera/local_setup.dsv
-- Symlinking: /home/fushan/hik_camera_ws/install/hik_camera/share/hik_camera/package.dsv
-- Symlinking: /home/fushan/hik_camera_ws/install/hik_camera/share/ament_index/resource_index/packages/hik_camera
-- Symlinking: /home/fushan/hik_camera_ws/install/hik_camera/share/hik_camera/cmake/hik_cameraConfig.cmake
-- Symlinking: /home/fushan/hik_camera_ws/install/hik_camera/share/hik_camera/cmake/hik_cameraConfig-version.cmake
-- Symlinking: /home/fushan/hik_camera_ws/install/hik_camera/share/hik_camera/package.xml
