[0.009s] Invoking command in '/home/fushan/hik_camera_ws/build/hik_camera': CMAKE_PREFIX_PATH=${CMAKE_PREFIX_PATH}:/opt/ros/humble /usr/bin/cmake /home/fushan/hik_camera_ws/src/hik_camera -DAMENT_CMAKE_SYMLINK_INSTALL=1 -DCMAKE_INSTALL_PREFIX=/home/fushan/hik_camera_ws/install/hik_camera
[0.039s] -- Found ament_cmake: 1.3.14 (/opt/ros/humble/share/ament_cmake/cmake)
[0.165s] -- Override CMake install command with custom implementation using symlinks instead of copying resources
[0.177s] -- Found rclcpp: 16.0.21 (/opt/ros/humble/share/rclcpp/cmake)
[0.210s] -- Found rosidl_generator_c: 3.1.9 (/opt/ros/humble/share/rosidl_generator_c/cmake)
[0.212s] -- Found rosidl_adapter: 3.1.9 (/opt/ros/humble/share/rosidl_adapter/cmake)
[0.218s] -- Found rosidl_generator_cpp: 3.1.9 (/opt/ros/humble/share/rosidl_generator_cpp/cmake)
[0.228s] -- Using all available rosidl_typesupport_c: rosidl_typesupport_fastrtps_c;rosidl_typesupport_introspection_c
[0.243s] -- Using all available rosidl_typesupport_cpp: rosidl_typesupport_fastrtps_cpp;rosidl_typesupport_introspection_cpp
[0.274s] -- Found rmw_implementation_cmake: 6.1.4 (/opt/ros/humble/share/rmw_implementation_cmake/cmake)
[0.275s] -- Found rmw_fastrtps_cpp: 6.2.10 (/opt/ros/humble/share/rmw_fastrtps_cpp/cmake)
[0.364s] -- Using RMW implementation 'rmw_fastrtps_cpp' as default
[0.413s] -- Found sensor_msgs: 4.9.2 (/opt/ros/humble/share/sensor_msgs/cmake)
[0.507s] -- Configuring done
[0.523s] -- Generating done
[0.525s] -- Build files have been written to: /home/fushan/hik_camera_ws/build/hik_camera
[0.537s] Invoked command in '/home/fushan/hik_camera_ws/build/hik_camera' returned '0': CMAKE_PREFIX_PATH=${CMAKE_PREFIX_PATH}:/opt/ros/humble /usr/bin/cmake /home/fushan/hik_camera_ws/src/hik_camera -DAMENT_CMAKE_SYMLINK_INSTALL=1 -DCMAKE_INSTALL_PREFIX=/home/fushan/hik_camera_ws/install/hik_camera
[0.537s] Invoking command in '/home/fushan/hik_camera_ws/build/hik_camera': CMAKE_PREFIX_PATH=${CMAKE_PREFIX_PATH}:/opt/ros/humble /usr/bin/cmake --build /home/fushan/hik_camera_ws/build/hik_camera -- -j14 -l14
[0.575s] [35m[1mConsolidate compiler generated dependencies of target hik_camera_node[0m
[0.599s] [ 50%] [32mBuilding CXX object CMakeFiles/hik_camera_node.dir/src/hik_camera_node.cpp.o[0m
[4.120s] [100%] [32m[1mLinking CXX executable hik_camera_node[0m
[4.310s] [100%] Built target hik_camera_node
[4.322s] Invoked command in '/home/fushan/hik_camera_ws/build/hik_camera' returned '0': CMAKE_PREFIX_PATH=${CMAKE_PREFIX_PATH}:/opt/ros/humble /usr/bin/cmake --build /home/fushan/hik_camera_ws/build/hik_camera -- -j14 -l14
[4.331s] Invoking command in '/home/fushan/hik_camera_ws/build/hik_camera': CMAKE_PREFIX_PATH=${CMAKE_PREFIX_PATH}:/opt/ros/humble /usr/bin/cmake --install /home/fushan/hik_camera_ws/build/hik_camera
[4.339s] -- Install configuration: ""
[4.339s] -- Execute custom install script
[4.341s] -- Symlinking: /home/fushan/hik_camera_ws/install/hik_camera/lib/hik_camera/hik_camera_node
[4.353s] -- Symlinking: /home/fushan/hik_camera_ws/install/hik_camera/share/ament_index/resource_index/package_run_dependencies/hik_camera
[4.362s] -- Symlinking: /home/fushan/hik_camera_ws/install/hik_camera/share/ament_index/resource_index/parent_prefix_path/hik_camera
[4.378s] -- Symlinking: /home/fushan/hik_camera_ws/install/hik_camera/share/hik_camera/environment/ament_prefix_path.sh
[4.388s] -- Symlinking: /home/fushan/hik_camera_ws/install/hik_camera/share/hik_camera/environment/ament_prefix_path.dsv
[4.396s] -- Symlinking: /home/fushan/hik_camera_ws/install/hik_camera/share/hik_camera/environment/path.sh
[4.404s] -- Symlinking: /home/fushan/hik_camera_ws/install/hik_camera/share/hik_camera/environment/path.dsv
[4.412s] -- Symlinking: /home/fushan/hik_camera_ws/install/hik_camera/share/hik_camera/local_setup.bash
[4.420s] -- Symlinking: /home/fushan/hik_camera_ws/install/hik_camera/share/hik_camera/local_setup.sh
[4.429s] -- Symlinking: /home/fushan/hik_camera_ws/install/hik_camera/share/hik_camera/local_setup.zsh
[4.437s] -- Symlinking: /home/fushan/hik_camera_ws/install/hik_camera/share/hik_camera/local_setup.dsv
[4.445s] -- Symlinking: /home/fushan/hik_camera_ws/install/hik_camera/share/hik_camera/package.dsv
[4.456s] -- Symlinking: /home/fushan/hik_camera_ws/install/hik_camera/share/ament_index/resource_index/packages/hik_camera
[4.465s] -- Symlinking: /home/fushan/hik_camera_ws/install/hik_camera/share/hik_camera/cmake/hik_cameraConfig.cmake
[4.474s] -- Symlinking: /home/fushan/hik_camera_ws/install/hik_camera/share/hik_camera/cmake/hik_cameraConfig-version.cmake
[4.481s] -- Symlinking: /home/fushan/hik_camera_ws/install/hik_camera/share/hik_camera/package.xml
[4.491s] Invoked command in '/home/fushan/hik_camera_ws/build/hik_camera' returned '0': CMAKE_PREFIX_PATH=${CMAKE_PREFIX_PATH}:/opt/ros/humble /usr/bin/cmake --install /home/fushan/hik_camera_ws/build/hik_camera
