[0.077s] DEBUG:colcon:Command line arguments: ['/usr/bin/colcon', 'build', '--packages-select', 'hik_camera']
[0.078s] DEBUG:colcon:Parsed command line arguments: Namespace(log_base=None, log_level=None, verb_name='build', build_base='build', install_base='install', merge_install=False, symlink_install=False, test_result_base=None, continue_on_error=False, executor='parallel', parallel_workers=14, event_handlers=None, ignore_user_meta=False, metas=['./colcon.meta'], base_paths=['.'], packages_ignore=None, packages_ignore_regex=None, paths=None, packages_up_to=None, packages_up_to_regex=None, packages_above=None, packages_above_and_dependencies=None, packages_above_depth=None, packages_select_by_dep=None, packages_skip_by_dep=None, packages_skip_up_to=None, packages_select_build_failed=False, packages_skip_build_finished=False, packages_select_test_failures=False, packages_skip_test_passed=False, packages_select=['hik_camera'], packages_skip=None, packages_select_regex=None, packages_skip_regex=None, packages_start=None, packages_end=None, allow_overriding=[], cmake_args=None, cmake_target=None, cmake_target_skip_unavailable=False, cmake_clean_cache=False, cmake_clean_first=False, cmake_force_configure=False, ament_cmake_args=None, catkin_cmake_args=None, catkin_skip_building_tests=False, verb_parser=<colcon_defaults.argument_parser.defaults.DefaultArgumentsDecorator object at 0x74a731018340>, verb_extension=<colcon_core.verb.build.BuildVerb object at 0x74a731151fc0>, main=<bound method BuildVerb.main of <colcon_core.verb.build.BuildVerb object at 0x74a731151fc0>>)
[0.191s] Level 1:colcon.colcon_core.package_discovery:discover_packages(colcon_meta) check parameters
[0.191s] Level 1:colcon.colcon_core.package_discovery:discover_packages(recursive) check parameters
[0.191s] Level 1:colcon.colcon_core.package_discovery:discover_packages(ignore) check parameters
[0.191s] Level 1:colcon.colcon_core.package_discovery:discover_packages(path) check parameters
[0.191s] Level 1:colcon.colcon_core.package_discovery:discover_packages(colcon_meta) discover
[0.191s] Level 1:colcon.colcon_core.package_discovery:discover_packages(recursive) discover
[0.191s] INFO:colcon.colcon_core.package_discovery:Crawling recursively for packages in '/home/fushan/hik_camera_ws/src/hik_camera'
[0.191s] Level 1:colcon.colcon_core.package_identification:_identify(.) by extensions ['ignore', 'ignore_ament_install']
[0.191s] Level 1:colcon.colcon_core.package_identification:_identify(.) by extension 'ignore'
[0.192s] Level 1:colcon.colcon_core.package_identification:_identify(.) by extension 'ignore_ament_install'
[0.192s] Level 1:colcon.colcon_core.package_identification:_identify(.) by extensions ['colcon_pkg']
[0.192s] Level 1:colcon.colcon_core.package_identification:_identify(.) by extension 'colcon_pkg'
[0.192s] Level 1:colcon.colcon_core.package_identification:_identify(.) by extensions ['colcon_meta']
[0.192s] Level 1:colcon.colcon_core.package_identification:_identify(.) by extension 'colcon_meta'
[0.192s] Level 1:colcon.colcon_core.package_identification:_identify(.) by extensions ['ros']
[0.192s] Level 1:colcon.colcon_core.package_identification:_identify(.) by extension 'ros'
[0.202s] DEBUG:colcon.colcon_core.package_identification:Package '.' with type 'ros.ament_cmake' and name 'hik_camera'
[0.202s] Level 1:colcon.colcon_core.package_discovery:discover_packages(recursive) using defaults
[0.203s] Level 1:colcon.colcon_core.package_discovery:discover_packages(ignore) discover
[0.203s] Level 1:colcon.colcon_core.package_discovery:discover_packages(ignore) using defaults
[0.203s] Level 1:colcon.colcon_core.package_discovery:discover_packages(path) discover
[0.203s] Level 1:colcon.colcon_core.package_discovery:discover_packages(path) using defaults
[0.218s] Level 1:colcon.colcon_core.package_discovery:discover_packages(prefix_path) check parameters
[0.218s] Level 1:colcon.colcon_core.package_discovery:discover_packages(prefix_path) discover
[0.220s] DEBUG:colcon.colcon_installed_package_information.package_discovery:Found 1 installed packages in /home/fushan/hik_camera_ws/install
[0.220s] DEBUG:colcon.colcon_installed_package_information.package_discovery:Found 273 installed packages in /opt/ros/humble
[0.222s] Level 1:colcon.colcon_core.package_discovery:discover_packages(prefix_path) using defaults
[0.259s] Level 5:colcon.colcon_core.verb:set package 'hik_camera' build argument 'cmake_args' from command line to 'None'
[0.259s] Level 5:colcon.colcon_core.verb:set package 'hik_camera' build argument 'cmake_target' from command line to 'None'
[0.259s] Level 5:colcon.colcon_core.verb:set package 'hik_camera' build argument 'cmake_target_skip_unavailable' from command line to 'False'
[0.259s] Level 5:colcon.colcon_core.verb:set package 'hik_camera' build argument 'cmake_clean_cache' from command line to 'False'
[0.259s] Level 5:colcon.colcon_core.verb:set package 'hik_camera' build argument 'cmake_clean_first' from command line to 'False'
[0.259s] Level 5:colcon.colcon_core.verb:set package 'hik_camera' build argument 'cmake_force_configure' from command line to 'False'
[0.259s] Level 5:colcon.colcon_core.verb:set package 'hik_camera' build argument 'ament_cmake_args' from command line to 'None'
[0.259s] Level 5:colcon.colcon_core.verb:set package 'hik_camera' build argument 'catkin_cmake_args' from command line to 'None'
[0.259s] Level 5:colcon.colcon_core.verb:set package 'hik_camera' build argument 'catkin_skip_building_tests' from command line to 'False'
[0.259s] DEBUG:colcon.colcon_core.verb:Building package 'hik_camera' with the following arguments: {'ament_cmake_args': None, 'build_base': '/home/fushan/hik_camera_ws/src/hik_camera/build/hik_camera', 'catkin_cmake_args': None, 'catkin_skip_building_tests': False, 'cmake_args': None, 'cmake_clean_cache': False, 'cmake_clean_first': False, 'cmake_force_configure': False, 'cmake_target': None, 'cmake_target_skip_unavailable': False, 'install_base': '/home/fushan/hik_camera_ws/src/hik_camera/install/hik_camera', 'merge_install': False, 'path': '/home/fushan/hik_camera_ws/src/hik_camera', 'symlink_install': False, 'test_result_base': None}
[0.259s] INFO:colcon.colcon_core.executor:Executing jobs using 'parallel' executor
[0.260s] DEBUG:colcon.colcon_parallel_executor.executor.parallel:run_until_complete
[0.260s] INFO:colcon.colcon_ros.task.ament_cmake.build:Building ROS package in '/home/fushan/hik_camera_ws/src/hik_camera' with build type 'ament_cmake'
[0.260s] INFO:colcon.colcon_cmake.task.cmake.build:Building CMake package in '/home/fushan/hik_camera_ws/src/hik_camera'
[0.262s] INFO:colcon.colcon_core.plugin_system:Skipping extension 'colcon_core.shell.bat': Not used on non-Windows systems
[0.262s] INFO:colcon.colcon_core.shell:Skip shell extension 'powershell' for command environment: Not usable outside of PowerShell
[0.262s] DEBUG:colcon.colcon_core.shell:Skip shell extension 'dsv' for command environment
[0.269s] DEBUG:colcon.colcon_core.event_handler.log_command:Invoking command in '/home/fushan/hik_camera_ws/src/hik_camera/build/hik_camera': CMAKE_PREFIX_PATH=${CMAKE_PREFIX_PATH}:/opt/ros/humble /usr/bin/cmake /home/fushan/hik_camera_ws/src/hik_camera -DCMAKE_INSTALL_PREFIX=/home/fushan/hik_camera_ws/src/hik_camera/install/hik_camera
[1.419s] DEBUG:colcon.colcon_core.event_handler.log_command:Invoked command in '/home/fushan/hik_camera_ws/src/hik_camera/build/hik_camera' returned '0': CMAKE_PREFIX_PATH=${CMAKE_PREFIX_PATH}:/opt/ros/humble /usr/bin/cmake /home/fushan/hik_camera_ws/src/hik_camera -DCMAKE_INSTALL_PREFIX=/home/fushan/hik_camera_ws/src/hik_camera/install/hik_camera
[1.420s] DEBUG:colcon.colcon_core.event_handler.log_command:Invoking command in '/home/fushan/hik_camera_ws/src/hik_camera/build/hik_camera': CMAKE_PREFIX_PATH=${CMAKE_PREFIX_PATH}:/opt/ros/humble /usr/bin/cmake --build /home/fushan/hik_camera_ws/src/hik_camera/build/hik_camera -- -j14 -l14
[3.804s] DEBUG:colcon.colcon_core.event_handler.log_command:Invoked command in '/home/fushan/hik_camera_ws/src/hik_camera/build/hik_camera' returned '0': CMAKE_PREFIX_PATH=${CMAKE_PREFIX_PATH}:/opt/ros/humble /usr/bin/cmake --build /home/fushan/hik_camera_ws/src/hik_camera/build/hik_camera -- -j14 -l14
[3.817s] DEBUG:colcon.colcon_core.event_handler.log_command:Invoking command in '/home/fushan/hik_camera_ws/src/hik_camera/build/hik_camera': CMAKE_PREFIX_PATH=${CMAKE_PREFIX_PATH}:/opt/ros/humble /usr/bin/cmake --install /home/fushan/hik_camera_ws/src/hik_camera/build/hik_camera
[3.827s] Level 1:colcon.colcon_core.environment:create_environment_scripts_only(hik_camera)
[3.827s] DEBUG:colcon.colcon_core.event_handler.log_command:Invoked command in '/home/fushan/hik_camera_ws/src/hik_camera/build/hik_camera' returned '0': CMAKE_PREFIX_PATH=${CMAKE_PREFIX_PATH}:/opt/ros/humble /usr/bin/cmake --install /home/fushan/hik_camera_ws/src/hik_camera/build/hik_camera
[3.830s] Level 1:colcon.colcon_core.environment:checking '/home/fushan/hik_camera_ws/src/hik_camera/install/hik_camera' for CMake module files
[3.830s] Level 1:colcon.colcon_core.environment:checking '/home/fushan/hik_camera_ws/src/hik_camera/install/hik_camera' for CMake config files
[3.830s] Level 1:colcon.colcon_core.shell:create_environment_hook('hik_camera', 'cmake_prefix_path')
[3.830s] INFO:colcon.colcon_core.shell:Creating environment hook '/home/fushan/hik_camera_ws/src/hik_camera/install/hik_camera/share/hik_camera/hook/cmake_prefix_path.ps1'
[3.831s] INFO:colcon.colcon_core.shell:Creating environment descriptor '/home/fushan/hik_camera_ws/src/hik_camera/install/hik_camera/share/hik_camera/hook/cmake_prefix_path.dsv'
[3.831s] INFO:colcon.colcon_core.shell:Creating environment hook '/home/fushan/hik_camera_ws/src/hik_camera/install/hik_camera/share/hik_camera/hook/cmake_prefix_path.sh'
[3.832s] Level 1:colcon.colcon_core.environment:checking '/home/fushan/hik_camera_ws/src/hik_camera/install/hik_camera/lib'
[3.833s] Level 1:colcon.colcon_core.environment:checking '/home/fushan/hik_camera_ws/src/hik_camera/install/hik_camera/bin'
[3.833s] Level 1:colcon.colcon_core.environment:checking '/home/fushan/hik_camera_ws/src/hik_camera/install/hik_camera/lib/pkgconfig/hik_camera.pc'
[3.833s] Level 1:colcon.colcon_core.environment:checking '/home/fushan/hik_camera_ws/src/hik_camera/install/hik_camera/lib/python3.10/site-packages'
[3.833s] Level 1:colcon.colcon_core.environment:checking '/home/fushan/hik_camera_ws/src/hik_camera/install/hik_camera/bin'
[3.834s] INFO:colcon.colcon_core.shell:Creating package script '/home/fushan/hik_camera_ws/src/hik_camera/install/hik_camera/share/hik_camera/package.ps1'
[3.835s] INFO:colcon.colcon_core.shell:Creating package descriptor '/home/fushan/hik_camera_ws/src/hik_camera/install/hik_camera/share/hik_camera/package.dsv'
[3.835s] INFO:colcon.colcon_core.shell:Creating package script '/home/fushan/hik_camera_ws/src/hik_camera/install/hik_camera/share/hik_camera/package.sh'
[3.836s] INFO:colcon.colcon_core.shell:Creating package script '/home/fushan/hik_camera_ws/src/hik_camera/install/hik_camera/share/hik_camera/package.bash'
[3.836s] INFO:colcon.colcon_core.shell:Creating package script '/home/fushan/hik_camera_ws/src/hik_camera/install/hik_camera/share/hik_camera/package.zsh'
[3.837s] Level 1:colcon.colcon_core.environment:create_file_with_runtime_dependencies(/home/fushan/hik_camera_ws/src/hik_camera/install/hik_camera/share/colcon-core/packages/hik_camera)
[3.838s] Level 1:colcon.colcon_core.environment:create_environment_scripts_only(hik_camera)
[3.838s] Level 1:colcon.colcon_core.environment:checking '/home/fushan/hik_camera_ws/src/hik_camera/install/hik_camera' for CMake module files
[3.838s] Level 1:colcon.colcon_core.environment:checking '/home/fushan/hik_camera_ws/src/hik_camera/install/hik_camera' for CMake config files
[3.838s] Level 1:colcon.colcon_core.shell:create_environment_hook('hik_camera', 'cmake_prefix_path')
[3.839s] INFO:colcon.colcon_core.shell:Creating environment hook '/home/fushan/hik_camera_ws/src/hik_camera/install/hik_camera/share/hik_camera/hook/cmake_prefix_path.ps1'
[3.839s] INFO:colcon.colcon_core.shell:Creating environment descriptor '/home/fushan/hik_camera_ws/src/hik_camera/install/hik_camera/share/hik_camera/hook/cmake_prefix_path.dsv'
[3.839s] INFO:colcon.colcon_core.shell:Creating environment hook '/home/fushan/hik_camera_ws/src/hik_camera/install/hik_camera/share/hik_camera/hook/cmake_prefix_path.sh'
[3.840s] Level 1:colcon.colcon_core.environment:checking '/home/fushan/hik_camera_ws/src/hik_camera/install/hik_camera/lib'
[3.840s] Level 1:colcon.colcon_core.environment:checking '/home/fushan/hik_camera_ws/src/hik_camera/install/hik_camera/bin'
[3.840s] Level 1:colcon.colcon_core.environment:checking '/home/fushan/hik_camera_ws/src/hik_camera/install/hik_camera/lib/pkgconfig/hik_camera.pc'
[3.840s] Level 1:colcon.colcon_core.environment:checking '/home/fushan/hik_camera_ws/src/hik_camera/install/hik_camera/lib/python3.10/site-packages'
[3.841s] Level 1:colcon.colcon_core.environment:checking '/home/fushan/hik_camera_ws/src/hik_camera/install/hik_camera/bin'
[3.841s] INFO:colcon.colcon_core.shell:Creating package script '/home/fushan/hik_camera_ws/src/hik_camera/install/hik_camera/share/hik_camera/package.ps1'
[3.842s] INFO:colcon.colcon_core.shell:Creating package descriptor '/home/fushan/hik_camera_ws/src/hik_camera/install/hik_camera/share/hik_camera/package.dsv'
[3.842s] INFO:colcon.colcon_core.shell:Creating package script '/home/fushan/hik_camera_ws/src/hik_camera/install/hik_camera/share/hik_camera/package.sh'
[3.842s] INFO:colcon.colcon_core.shell:Creating package script '/home/fushan/hik_camera_ws/src/hik_camera/install/hik_camera/share/hik_camera/package.bash'
[3.843s] INFO:colcon.colcon_core.shell:Creating package script '/home/fushan/hik_camera_ws/src/hik_camera/install/hik_camera/share/hik_camera/package.zsh'
[3.843s] Level 1:colcon.colcon_core.environment:create_file_with_runtime_dependencies(/home/fushan/hik_camera_ws/src/hik_camera/install/hik_camera/share/colcon-core/packages/hik_camera)
[3.843s] DEBUG:colcon.colcon_parallel_executor.executor.parallel:closing loop
[3.844s] DEBUG:colcon.colcon_parallel_executor.executor.parallel:loop closed
[3.844s] DEBUG:colcon.colcon_parallel_executor.executor.parallel:run_until_complete finished with '0'
[3.844s] DEBUG:colcon.colcon_core.event_reactor:joining thread
[3.848s] INFO:colcon.colcon_core.plugin_system:Skipping extension 'colcon_notification.desktop_notification.terminal_notifier': Not used on non-Darwin systems
[3.848s] INFO:colcon.colcon_core.plugin_system:Skipping extension 'colcon_notification.desktop_notification.win32': Not used on non-Windows systems
[3.848s] INFO:colcon.colcon_notification.desktop_notification:Sending desktop notification using 'notify2'
[3.859s] DEBUG:colcon.colcon_core.event_reactor:joined thread
[3.859s] INFO:colcon.colcon_core.shell:Creating prefix script '/home/fushan/hik_camera_ws/src/hik_camera/install/local_setup.ps1'
[3.860s] INFO:colcon.colcon_core.shell:Creating prefix util module '/home/fushan/hik_camera_ws/src/hik_camera/install/_local_setup_util_ps1.py'
[3.862s] INFO:colcon.colcon_core.shell:Creating prefix chain script '/home/fushan/hik_camera_ws/src/hik_camera/install/setup.ps1'
[3.863s] INFO:colcon.colcon_core.shell:Creating prefix script '/home/fushan/hik_camera_ws/src/hik_camera/install/local_setup.sh'
[3.864s] INFO:colcon.colcon_core.shell:Creating prefix util module '/home/fushan/hik_camera_ws/src/hik_camera/install/_local_setup_util_sh.py'
[3.864s] INFO:colcon.colcon_core.shell:Creating prefix chain script '/home/fushan/hik_camera_ws/src/hik_camera/install/setup.sh'
[3.865s] INFO:colcon.colcon_core.shell:Creating prefix script '/home/fushan/hik_camera_ws/src/hik_camera/install/local_setup.bash'
[3.866s] INFO:colcon.colcon_core.shell:Creating prefix chain script '/home/fushan/hik_camera_ws/src/hik_camera/install/setup.bash'
[3.867s] INFO:colcon.colcon_core.shell:Creating prefix script '/home/fushan/hik_camera_ws/src/hik_camera/install/local_setup.zsh'
[3.867s] INFO:colcon.colcon_core.shell:Creating prefix chain script '/home/fushan/hik_camera_ws/src/hik_camera/install/setup.zsh'
