[0.007s] Invoking command in '/home/fushan/hik_camera_ws/src/hik_camera/build/hik_camera': CMAKE_PREFIX_PATH=${CMAKE_PREFIX_PATH}:/opt/ros/humble /usr/bin/cmake /home/fushan/hik_camera_ws/src/hik_camera -DCMAKE_INSTALL_PREFIX=/home/fushan/hik_camera_ws/src/hik_camera/install/hik_camera
[0.111s] -- The C compiler identification is GNU 11.4.0
[0.189s] -- The CXX compiler identification is GNU 11.4.0
[0.196s] -- Detecting C compiler ABI info
[0.270s] -- Detecting C compiler ABI info - done
[0.277s] -- Check for working C compiler: /usr/bin/cc - skipped
[0.282s] -- Detecting C compile features
[0.283s] -- Detecting C compile features - done
[0.290s] -- Detecting CXX compiler ABI info
[0.375s] -- Detecting CXX compiler ABI info - done
[0.384s] -- Check for working CXX compiler: /usr/bin/c++ - skipped
[0.384s] -- Detecting CXX compile features
[0.384s] -- Detecting CXX compile features - done
[0.386s] -- Found ament_cmake: 1.3.14 (/opt/ros/humble/share/ament_cmake/cmake)
[0.540s] -- Found Python3: /usr/bin/python3 (found version "3.10.12") found components: Interpreter 
[0.622s] -- Found rclcpp: 16.0.21 (/opt/ros/humble/share/rclcpp/cmake)
[0.652s] -- Found rosidl_generator_c: 3.1.9 (/opt/ros/humble/share/rosidl_generator_c/cmake)
[0.655s] -- Found rosidl_adapter: 3.1.9 (/opt/ros/humble/share/rosidl_adapter/cmake)
[0.661s] -- Found rosidl_generator_cpp: 3.1.9 (/opt/ros/humble/share/rosidl_generator_cpp/cmake)
[0.671s] -- Using all available rosidl_typesupport_c: rosidl_typesupport_fastrtps_c;rosidl_typesupport_introspection_c
[0.684s] -- Using all available rosidl_typesupport_cpp: rosidl_typesupport_fastrtps_cpp;rosidl_typesupport_introspection_cpp
[0.717s] -- Found rmw_implementation_cmake: 6.1.4 (/opt/ros/humble/share/rmw_implementation_cmake/cmake)
[0.719s] -- Found rmw_fastrtps_cpp: 6.2.10 (/opt/ros/humble/share/rmw_fastrtps_cpp/cmake)
[0.798s] -- Found OpenSSL: /usr/lib/x86_64-linux-gnu/libcrypto.so (found version "3.0.2")  
[0.818s] -- Found FastRTPS: /opt/ros/humble/include  
[0.850s] -- Using RMW implementation 'rmw_fastrtps_cpp' as default
[0.856s] -- Looking for pthread.h
[0.933s] -- Looking for pthread.h - found
[0.934s] -- Performing Test CMAKE_HAVE_LIBC_PTHREAD
[1.007s] -- Performing Test CMAKE_HAVE_LIBC_PTHREAD - Success
[1.009s] -- Found Threads: TRUE  
[1.060s] -- Found sensor_msgs: 4.9.2 (/opt/ros/humble/share/sensor_msgs/cmake)
[1.137s] -- Configuring done
[1.145s] -- Generating done
[1.148s] -- Build files have been written to: /home/fushan/hik_camera_ws/src/hik_camera/build/hik_camera
[1.158s] Invoked command in '/home/fushan/hik_camera_ws/src/hik_camera/build/hik_camera' returned '0': CMAKE_PREFIX_PATH=${CMAKE_PREFIX_PATH}:/opt/ros/humble /usr/bin/cmake /home/fushan/hik_camera_ws/src/hik_camera -DCMAKE_INSTALL_PREFIX=/home/fushan/hik_camera_ws/src/hik_camera/install/hik_camera
[1.159s] Invoking command in '/home/fushan/hik_camera_ws/src/hik_camera/build/hik_camera': CMAKE_PREFIX_PATH=${CMAKE_PREFIX_PATH}:/opt/ros/humble /usr/bin/cmake --build /home/fushan/hik_camera_ws/src/hik_camera/build/hik_camera -- -j14 -l14
[1.204s] [ 50%] [32mBuilding CXX object CMakeFiles/hik_camera_node.dir/src/hik_camera_node.cpp.o[0m
[3.411s] [100%] [32m[1mLinking CXX executable hik_camera_node[0m
[3.528s] [100%] Built target hik_camera_node
[3.544s] Invoked command in '/home/fushan/hik_camera_ws/src/hik_camera/build/hik_camera' returned '0': CMAKE_PREFIX_PATH=${CMAKE_PREFIX_PATH}:/opt/ros/humble /usr/bin/cmake --build /home/fushan/hik_camera_ws/src/hik_camera/build/hik_camera -- -j14 -l14
[3.556s] Invoking command in '/home/fushan/hik_camera_ws/src/hik_camera/build/hik_camera': CMAKE_PREFIX_PATH=${CMAKE_PREFIX_PATH}:/opt/ros/humble /usr/bin/cmake --install /home/fushan/hik_camera_ws/src/hik_camera/build/hik_camera
[3.563s] -- Install configuration: ""
[3.563s] -- Installing: /home/fushan/hik_camera_ws/src/hik_camera/install/hik_camera/lib/hik_camera/hik_camera_node
[3.563s] -- Set runtime path of "/home/fushan/hik_camera_ws/src/hik_camera/install/hik_camera/lib/hik_camera/hik_camera_node" to ""
[3.563s] -- Installing: /home/fushan/hik_camera_ws/src/hik_camera/install/hik_camera/share/ament_index/resource_index/package_run_dependencies/hik_camera
[3.564s] -- Installing: /home/fushan/hik_camera_ws/src/hik_camera/install/hik_camera/share/ament_index/resource_index/parent_prefix_path/hik_camera
[3.564s] -- Installing: /home/fushan/hik_camera_ws/src/hik_camera/install/hik_camera/share/hik_camera/environment/ament_prefix_path.sh
[3.564s] -- Installing: /home/fushan/hik_camera_ws/src/hik_camera/install/hik_camera/share/hik_camera/environment/ament_prefix_path.dsv
[3.564s] -- Installing: /home/fushan/hik_camera_ws/src/hik_camera/install/hik_camera/share/hik_camera/environment/path.sh
[3.564s] -- Installing: /home/fushan/hik_camera_ws/src/hik_camera/install/hik_camera/share/hik_camera/environment/path.dsv
[3.564s] -- Installing: /home/fushan/hik_camera_ws/src/hik_camera/install/hik_camera/share/hik_camera/local_setup.bash
[3.564s] -- Installing: /home/fushan/hik_camera_ws/src/hik_camera/install/hik_camera/share/hik_camera/local_setup.sh
[3.564s] -- Installing: /home/fushan/hik_camera_ws/src/hik_camera/install/hik_camera/share/hik_camera/local_setup.zsh
[3.564s] -- Installing: /home/fushan/hik_camera_ws/src/hik_camera/install/hik_camera/share/hik_camera/local_setup.dsv
[3.564s] -- Installing: /home/fushan/hik_camera_ws/src/hik_camera/install/hik_camera/share/hik_camera/package.dsv
[3.564s] -- Installing: /home/fushan/hik_camera_ws/src/hik_camera/install/hik_camera/share/ament_index/resource_index/packages/hik_camera
[3.565s] -- Installing: /home/fushan/hik_camera_ws/src/hik_camera/install/hik_camera/share/hik_camera/cmake/hik_cameraConfig.cmake
[3.565s] -- Installing: /home/fushan/hik_camera_ws/src/hik_camera/install/hik_camera/share/hik_camera/cmake/hik_cameraConfig-version.cmake
[3.565s] -- Installing: /home/fushan/hik_camera_ws/src/hik_camera/install/hik_camera/share/hik_camera/package.xml
[3.567s] Invoked command in '/home/fushan/hik_camera_ws/src/hik_camera/build/hik_camera' returned '0': CMAKE_PREFIX_PATH=${CMAKE_PREFIX_PATH}:/opt/ros/humble /usr/bin/cmake --install /home/fushan/hik_camera_ws/src/hik_camera/build/hik_camera
