[0.010s] Invoking command in '/home/fushan/hik_camera_ws/build/hik_camera': CMAKE_PREFIX_PATH=${CMAKE_PREFIX_PATH}:/opt/ros/humble /usr/bin/cmake /home/fushan/hik_camera_ws/src/hik_camera -DCMAKE_INSTALL_PREFIX=/home/fushan/hik_camera_ws/install/hik_camera
[0.024s] -- Found ament_cmake: 1.3.14 (/opt/ros/humble/share/ament_cmake/cmake)
[0.142s] -- Override CMake install command with custom implementation using symlinks instead of copying resources
[0.148s] -- Found rclcpp: 16.0.21 (/opt/ros/humble/share/rclcpp/cmake)
[0.175s] -- Found rosidl_generator_c: 3.1.9 (/opt/ros/humble/share/rosidl_generator_c/cmake)
[0.177s] -- Found rosidl_adapter: 3.1.9 (/opt/ros/humble/share/rosidl_adapter/cmake)
[0.183s] -- Found rosidl_generator_cpp: 3.1.9 (/opt/ros/humble/share/rosidl_generator_cpp/cmake)
[0.191s] -- Using all available rosidl_typesupport_c: rosidl_typesupport_fastrtps_c;rosidl_typesupport_introspection_c
[0.200s] -- Using all available rosidl_typesupport_cpp: rosidl_typesupport_fastrtps_cpp;rosidl_typesupport_introspection_cpp
[0.231s] -- Found rmw_implementation_cmake: 6.1.4 (/opt/ros/humble/share/rmw_implementation_cmake/cmake)
[0.235s] -- Found rmw_fastrtps_cpp: 6.2.10 (/opt/ros/humble/share/rmw_fastrtps_cpp/cmake)
[0.325s] -- Using RMW implementation 'rmw_fastrtps_cpp' as default
[0.366s] -- Found sensor_msgs: 4.9.2 (/opt/ros/humble/share/sensor_msgs/cmake)
[0.453s] -- Configuring done
[0.461s] -- Generating done
[0.464s] -- Build files have been written to: /home/fushan/hik_camera_ws/build/hik_camera
[0.472s] Invoked command in '/home/fushan/hik_camera_ws/build/hik_camera' returned '0': CMAKE_PREFIX_PATH=${CMAKE_PREFIX_PATH}:/opt/ros/humble /usr/bin/cmake /home/fushan/hik_camera_ws/src/hik_camera -DCMAKE_INSTALL_PREFIX=/home/fushan/hik_camera_ws/install/hik_camera
[0.473s] Invoking command in '/home/fushan/hik_camera_ws/build/hik_camera': CMAKE_PREFIX_PATH=${CMAKE_PREFIX_PATH}:/opt/ros/humble /usr/bin/cmake --build /home/fushan/hik_camera_ws/build/hik_camera -- -j14 -l14
[0.511s] [35m[1mConsolidate compiler generated dependencies of target hik_camera_node[0m
[0.526s] [100%] Built target hik_camera_node
[0.537s] Invoked command in '/home/fushan/hik_camera_ws/build/hik_camera' returned '0': CMAKE_PREFIX_PATH=${CMAKE_PREFIX_PATH}:/opt/ros/humble /usr/bin/cmake --build /home/fushan/hik_camera_ws/build/hik_camera -- -j14 -l14
[0.546s] Invoking command in '/home/fushan/hik_camera_ws/build/hik_camera': CMAKE_PREFIX_PATH=${CMAKE_PREFIX_PATH}:/opt/ros/humble /usr/bin/cmake --install /home/fushan/hik_camera_ws/build/hik_camera
[0.555s] -- Install configuration: ""
[0.555s] -- Execute custom install script
[0.555s] -- Up-to-date symlink: /home/fushan/hik_camera_ws/install/hik_camera/lib/hik_camera/hik_camera_node
[0.555s] -- Up-to-date symlink: /home/fushan/hik_camera_ws/install/hik_camera/share/ament_index/resource_index/package_run_dependencies/hik_camera
[0.555s] -- Up-to-date symlink: /home/fushan/hik_camera_ws/install/hik_camera/share/ament_index/resource_index/parent_prefix_path/hik_camera
[0.555s] -- Up-to-date symlink: /home/fushan/hik_camera_ws/install/hik_camera/share/hik_camera/environment/ament_prefix_path.sh
[0.555s] -- Up-to-date symlink: /home/fushan/hik_camera_ws/install/hik_camera/share/hik_camera/environment/ament_prefix_path.dsv
[0.556s] -- Up-to-date symlink: /home/fushan/hik_camera_ws/install/hik_camera/share/hik_camera/environment/path.sh
[0.556s] -- Up-to-date symlink: /home/fushan/hik_camera_ws/install/hik_camera/share/hik_camera/environment/path.dsv
[0.556s] -- Up-to-date symlink: /home/fushan/hik_camera_ws/install/hik_camera/share/hik_camera/local_setup.bash
[0.556s] -- Up-to-date symlink: /home/fushan/hik_camera_ws/install/hik_camera/share/hik_camera/local_setup.sh
[0.556s] -- Up-to-date symlink: /home/fushan/hik_camera_ws/install/hik_camera/share/hik_camera/local_setup.zsh
[0.556s] -- Up-to-date symlink: /home/fushan/hik_camera_ws/install/hik_camera/share/hik_camera/local_setup.dsv
[0.556s] -- Symlinking: /home/fushan/hik_camera_ws/install/hik_camera/share/hik_camera/package.dsv
[0.564s] -- Up-to-date symlink: /home/fushan/hik_camera_ws/install/hik_camera/share/ament_index/resource_index/packages/hik_camera
[0.564s] -- Up-to-date symlink: /home/fushan/hik_camera_ws/install/hik_camera/share/hik_camera/cmake/hik_cameraConfig.cmake
[0.564s] -- Up-to-date symlink: /home/fushan/hik_camera_ws/install/hik_camera/share/hik_camera/cmake/hik_cameraConfig-version.cmake
[0.564s] -- Up-to-date symlink: /home/fushan/hik_camera_ws/install/hik_camera/share/hik_camera/package.xml
[0.566s] Invoked command in '/home/fushan/hik_camera_ws/build/hik_camera' returned '0': CMAKE_PREFIX_PATH=${CMAKE_PREFIX_PATH}:/opt/ros/humble /usr/bin/cmake --install /home/fushan/hik_camera_ws/build/hik_camera
