[0.008s] Invoking command in '/home/fushan/hik_camera_ws/build/hik_camera': CMAKE_PREFIX_PATH=${CMAKE_PREFIX_PATH}:/opt/ros/humble /usr/bin/cmake --build /home/fushan/hik_camera_ws/build/hik_camera -- -j14 -l14
[0.054s] [35m[1mConsolidate compiler generated dependencies of target hik_camera_node[0m
[0.068s] [ 50%] [32mBuilding CXX object CMakeFiles/hik_camera_node.dir/src/hik_camera_node.cpp.o[0m
[1.809s] [01m[K/home/fushan/hik_camera_ws/src/hik_camera/src/hik_camera_node.cpp:[m[K In member function ‘[01m[Kvoid HikCameraNode::timer_callback()[m[K’:
[1.809s] [01m[K/home/fushan/hik_camera_ws/src/hik_camera/src/hik_camera_node.cpp:824:25:[m[K [01;35m[Kwarning: [m[Kunused variable ‘[01m[KstResultingFrameRate[m[K’ [[01;35m[K]8;;https://gcc.gnu.org/onlinedocs/gcc/Warning-Options.html#index-Wunused-variable-Wunused-variable]8;;[m[K]
[1.810s]   824 |         MVCC_FLOATVALUE [01;35m[KstResultingFrameRate[m[K = {};
[1.810s]       |                         [01;35m[K^~~~~~~~~~~~~~~~~~~~[m[K
[3.489s] [100%] [32m[1mLinking CXX executable hik_camera_node[0m
[3.677s] [100%] Built target hik_camera_node
[3.689s] Invoked command in '/home/fushan/hik_camera_ws/build/hik_camera' returned '0': CMAKE_PREFIX_PATH=${CMAKE_PREFIX_PATH}:/opt/ros/humble /usr/bin/cmake --build /home/fushan/hik_camera_ws/build/hik_camera -- -j14 -l14
[3.697s] Invoking command in '/home/fushan/hik_camera_ws/build/hik_camera': CMAKE_PREFIX_PATH=${CMAKE_PREFIX_PATH}:/opt/ros/humble /usr/bin/cmake --install /home/fushan/hik_camera_ws/build/hik_camera
[3.704s] -- Install configuration: ""
[3.705s] -- Execute custom install script
[3.705s] -- Up-to-date symlink: /home/fushan/hik_camera_ws/install/hik_camera/lib/hik_camera/hik_camera_node
[3.705s] -- Up-to-date symlink: /home/fushan/hik_camera_ws/install/hik_camera/share/ament_index/resource_index/package_run_dependencies/hik_camera
[3.705s] -- Up-to-date symlink: /home/fushan/hik_camera_ws/install/hik_camera/share/ament_index/resource_index/parent_prefix_path/hik_camera
[3.705s] -- Up-to-date symlink: /home/fushan/hik_camera_ws/install/hik_camera/share/hik_camera/environment/ament_prefix_path.sh
[3.705s] -- Up-to-date symlink: /home/fushan/hik_camera_ws/install/hik_camera/share/hik_camera/environment/ament_prefix_path.dsv
[3.705s] -- Up-to-date symlink: /home/fushan/hik_camera_ws/install/hik_camera/share/hik_camera/environment/path.sh
[3.705s] -- Up-to-date symlink: /home/fushan/hik_camera_ws/install/hik_camera/share/hik_camera/environment/path.dsv
[3.705s] -- Up-to-date symlink: /home/fushan/hik_camera_ws/install/hik_camera/share/hik_camera/local_setup.bash
[3.705s] -- Up-to-date symlink: /home/fushan/hik_camera_ws/install/hik_camera/share/hik_camera/local_setup.sh
[3.705s] -- Up-to-date symlink: /home/fushan/hik_camera_ws/install/hik_camera/share/hik_camera/local_setup.zsh
[3.705s] -- Up-to-date symlink: /home/fushan/hik_camera_ws/install/hik_camera/share/hik_camera/local_setup.dsv
[3.706s] -- Symlinking: /home/fushan/hik_camera_ws/install/hik_camera/share/hik_camera/package.dsv
[3.714s] -- Up-to-date symlink: /home/fushan/hik_camera_ws/install/hik_camera/share/ament_index/resource_index/packages/hik_camera
[3.714s] -- Up-to-date symlink: /home/fushan/hik_camera_ws/install/hik_camera/share/hik_camera/cmake/hik_cameraConfig.cmake
[3.714s] -- Up-to-date symlink: /home/fushan/hik_camera_ws/install/hik_camera/share/hik_camera/cmake/hik_cameraConfig-version.cmake
[3.714s] -- Up-to-date symlink: /home/fushan/hik_camera_ws/install/hik_camera/share/hik_camera/package.xml
[3.716s] Invoked command in '/home/fushan/hik_camera_ws/build/hik_camera' returned '0': CMAKE_PREFIX_PATH=${CMAKE_PREFIX_PATH}:/opt/ros/humble /usr/bin/cmake --install /home/fushan/hik_camera_ws/build/hik_camera
