[0.009s] Invoking command in '/home/fushan/hik_camera_ws/build/hik_camera': CMAKE_PREFIX_PATH=${CMAKE_PREFIX_PATH}:/opt/ros/humble /usr/bin/cmake --build /home/fushan/hik_camera_ws/build/hik_camera -- -j14 -l14
[0.053s] [35m[1mConsolidate compiler generated dependencies of target hik_camera_node[0m
[0.069s] [100%] Built target hik_camera_node
[0.078s] Invoked command in '/home/fushan/hik_camera_ws/build/hik_camera' returned '0': CMAKE_PREFIX_PATH=${CMAKE_PREFIX_PATH}:/opt/ros/humble /usr/bin/cmake --build /home/fushan/hik_camera_ws/build/hik_camera -- -j14 -l14
[0.088s] Invoking command in '/home/fushan/hik_camera_ws/build/hik_camera': CMAKE_PREFIX_PATH=${CMAKE_PREFIX_PATH}:/opt/ros/humble /usr/bin/cmake --install /home/fushan/hik_camera_ws/build/hik_camera
[0.095s] -- Install configuration: ""
[0.096s] -- Execute custom install script
[0.096s] -- Up-to-date symlink: /home/fushan/hik_camera_ws/install/hik_camera/lib/hik_camera/hik_camera_node
[0.096s] -- Up-to-date symlink: /home/fushan/hik_camera_ws/install/hik_camera/share/ament_index/resource_index/package_run_dependencies/hik_camera
[0.096s] -- Up-to-date symlink: /home/fushan/hik_camera_ws/install/hik_camera/share/ament_index/resource_index/parent_prefix_path/hik_camera
[0.096s] -- Up-to-date symlink: /home/fushan/hik_camera_ws/install/hik_camera/share/hik_camera/environment/ament_prefix_path.sh
[0.096s] -- Up-to-date symlink: /home/fushan/hik_camera_ws/install/hik_camera/share/hik_camera/environment/ament_prefix_path.dsv
[0.096s] -- Up-to-date symlink: /home/fushan/hik_camera_ws/install/hik_camera/share/hik_camera/environment/path.sh
[0.096s] -- Up-to-date symlink: /home/fushan/hik_camera_ws/install/hik_camera/share/hik_camera/environment/path.dsv
[0.096s] -- Up-to-date symlink: /home/fushan/hik_camera_ws/install/hik_camera/share/hik_camera/local_setup.bash
[0.096s] -- Up-to-date symlink: /home/fushan/hik_camera_ws/install/hik_camera/share/hik_camera/local_setup.sh
[0.096s] -- Up-to-date symlink: /home/fushan/hik_camera_ws/install/hik_camera/share/hik_camera/local_setup.zsh
[0.096s] -- Up-to-date symlink: /home/fushan/hik_camera_ws/install/hik_camera/share/hik_camera/local_setup.dsv
[0.097s] -- Symlinking: /home/fushan/hik_camera_ws/install/hik_camera/share/hik_camera/package.dsv
[0.104s] -- Up-to-date symlink: /home/fushan/hik_camera_ws/install/hik_camera/share/ament_index/resource_index/packages/hik_camera
[0.104s] -- Up-to-date symlink: /home/fushan/hik_camera_ws/install/hik_camera/share/hik_camera/cmake/hik_cameraConfig.cmake
[0.104s] -- Up-to-date symlink: /home/fushan/hik_camera_ws/install/hik_camera/share/hik_camera/cmake/hik_cameraConfig-version.cmake
[0.104s] -- Up-to-date symlink: /home/fushan/hik_camera_ws/install/hik_camera/share/hik_camera/package.xml
[0.106s] Invoked command in '/home/fushan/hik_camera_ws/build/hik_camera' returned '0': CMAKE_PREFIX_PATH=${CMAKE_PREFIX_PATH}:/opt/ros/humble /usr/bin/cmake --install /home/fushan/hik_camera_ws/build/hik_camera
